// Jest Snapshot v1, https://goo.gl/fbAQLP

exports[`ExpensesSummary renders ExpensesSummary component properly 1`] = `
<div class="expensessummary component">
  <p><span class="expensessummary-count"></span>&nbsp;expense(s)&nbsp;
    <!---->totalling&nbsp;
    <span class="expensessummary-amount">$0.00</span>
    <!---->
  </p>
</div>
`;
