// Jest Snapshot v1, https://goo.gl/fbAQLP

exports[`Header.vue renders Header component properly 1`] = `
<header class="header component">
  <div class="masthead">
    <h1>Test-App</h1>
  </div>
  <div class="nav">
    <router-link-stub to="/dashboard">Dashboard</router-link-stub> |
    <router-link-stub to="/add">Add Expense</router-link-stub>
  </div>
  <div class="auth"><span class="username">Test User</span> <img src="/img/avatar-default.png" class="avatar"> <button class="button logout-btn exit">Logout</button></div>
</header>
`;
