// Jest Snapshot v1, https://goo.gl/fbAQLP

exports[`NotFound.vue renders NotFound view properly 1`] = `
<div class="notfound component">
  <h2>Not Found</h2>
  <p>Sorry! The resource you requested was not found.</p>
  <p>Please go back to:</p>
  <router-link-stub to="/home" tag="a" event="click">Home</router-link-stub>
</div>
`;
